[2025-10-20 18:31:40] Starting SimpleX Chat build from source
[2025-10-20 18:31:40] Checking Java installation...
[2025-10-20 18:31:41] Detected Java version: 25
[2025-10-20 18:31:41] Java 25 is compatible
[2025-10-20 18:31:41] Checking build dependencies...
[2025-10-20 18:31:41] Installing Haskell Stack...
[2025-10-20 18:31:46] Creating debug signing key...
[2025-10-20 18:31:47] Building SimpleX Chat from source...
[2025-10-20 18:31:47] Building from commit: 46e657834
[2025-10-20 18:31:47] Building native Haskell components...
[2025-10-20 18:31:47] Building Android APK...
[2025-10-20 18:32:15] ERROR: Gradle clean failed
[2025-10-20 18:37:21] Starting SimpleX Chat build from source
[2025-10-20 18:37:21] Checking Java installation...
[2025-10-20 18:37:21] Detected Java version: 25
[2025-10-20 18:37:21] Java 25 is compatible
[2025-10-20 18:37:21] Checking build dependencies...
[2025-10-20 18:37:21] Building SimpleX Chat from source...
[2025-10-20 18:37:21] Building from commit: 46e657834
[2025-10-20 18:37:21] Building native Haskell components...
[2025-10-20 18:37:21] Building Android APK...
[2025-10-20 18:37:27] ERROR: Gradle clean failed
[2025-10-20 18:39:31] Starting SimpleX Chat build from source
[2025-10-20 18:39:31] Checking Java installation...
[2025-10-20 18:39:31] Detected Java version: 25
[2025-10-20 18:39:31] Java 25 is compatible
[2025-10-20 18:39:31] Checking build dependencies...
[2025-10-20 18:39:31] Building SimpleX Chat from source...
[2025-10-20 18:39:32] Building from commit: 46e657834
[2025-10-20 18:39:32] Building native Haskell components...
[2025-10-20 18:39:32] Building Android APK...
[2025-10-20 18:39:32] Got to this point
[2025-10-20 18:39:33] ERROR: Gradle clean failed
[2025-10-20 18:40:02] Starting SimpleX Chat build from source
[2025-10-20 18:40:02] Checking Java installation...
[2025-10-20 18:40:02] Detected Java version: 25
[2025-10-20 18:40:02] Java 25 is compatible
[2025-10-20 18:40:02] Checking build dependencies...
[2025-10-20 18:40:02] Building SimpleX Chat from source...
[2025-10-20 18:40:02] Building from commit: 46e657834
[2025-10-20 18:40:02] Building native Haskell components...
[2025-10-20 18:40:02] Building Android APK...
[2025-10-20 18:40:02] Got to this point
[2025-10-20 18:40:03] ERROR: Gradle clean failed
[2025-10-20 18:40:22] Starting SimpleX Chat build from source
[2025-10-20 18:40:22] Checking Java installation...
[2025-10-20 18:40:22] Detected Java version: 25
[2025-10-20 18:40:22] Java 25 is compatible
[2025-10-20 18:40:22] Checking build dependencies...
[2025-10-20 18:40:22] Building SimpleX Chat from source...
[2025-10-20 18:40:22] Building from commit: 46e657834
[2025-10-20 18:40:22] Building native Haskell components...
[2025-10-20 18:40:22] Building Android APK...
[2025-10-20 18:40:22] Got to this point
[2025-10-20 18:40:23] ERROR: Gradle clean failed
[2025-10-20 18:45:18] Starting SimpleX Chat build from source
[2025-10-20 18:45:18] Checking Java installation...
[2025-10-20 18:45:18] Detected Java version: 17
[2025-10-20 18:45:18] Java 17 is compatible
[2025-10-20 18:45:18] Checking build dependencies...
[2025-10-20 18:45:18] Building SimpleX Chat from source...
[2025-10-20 18:45:18] Building from commit: 46e657834
[2025-10-20 18:45:18] Building native Haskell components...
[2025-10-20 18:45:18] Building Android APK...
[2025-10-20 18:45:18] Got to this point
[2025-10-20 18:51:17] Building release APK (this may take 10-20 minutes)...
[2025-10-20 18:56:09] ERROR: APK build failed
[2025-10-20 19:49:05] Starting SimpleX Chat build from source
[2025-10-20 19:49:05] Checking Java installation...
[2025-10-20 19:49:05] Detected Java version: 17
[2025-10-20 19:49:05] Java 17 is compatible
[2025-10-20 19:49:05] Checking build dependencies...
[2025-10-20 19:49:05] Building SimpleX Chat from source...
[2025-10-20 19:49:05] Building from commit: 46e657834
[2025-10-20 19:49:05] Building native Haskell components...
[2025-10-20 19:49:05] Building Android APK...
[2025-10-20 19:49:05] Got to this point
[2025-10-20 19:49:15] Building release APK (this may take 10-20 minutes)...
[2025-10-20 20:02:04] Found built APK: ./android/build/outputs/apk/release/android-armeabi-v7a-release-unsigned.apk
