[2025-10-20 16:26:50] Starting Android Emulator Setup
[2025-10-20 16:26:50] SDK version: 35
[2025-10-20 16:26:50] System image type: google_apis
[2025-10-20 16:26:50] This script will install Android SDK and create an emulator
[2025-10-20 16:26:50] Detected OS: macos
[2025-10-20 16:26:50] Detected architecture: arm64
[2025-10-20 16:26:50] Checking prerequisites...
[2025-10-20 16:26:50] Checking Java installation...
[2025-10-20 16:26:50] Detected Java version: 25
[2025-10-20 16:26:50] Java 25 is compatible with Android SDK
[2025-10-20 16:26:50] Installing Android SDK Command Line Tools...
[2025-10-20 16:26:50] Downloading Android SDK from https://dl.google.com/android/repository/commandlinetools-mac-11076708_latest.zip
[2025-10-20 16:27:02] Android SDK Command Line Tools installed successfully
[2025-10-20 16:27:02] Setting up environment variables...
[2025-10-20 16:27:02] Detected user shell: sh
[2025-10-20 16:27:02] Adding environment variables to /Users/shahabhishek1729/.zshrc
[2025-10-20 16:27:02] Installing required Android packages for arm64 architecture
[2025-10-20 16:27:02] SDK version: 35, System image: google_apis
[2025-10-20 16:27:02] Full system image: system-images;android-35;google_apis;arm64-v8a
[2025-10-20 16:34:57] Starting Android Emulator Setup
[2025-10-20 16:34:57] SDK version: 35
[2025-10-20 16:34:57] System image type: google_apis
[2025-10-20 16:34:57] This script will install Android SDK and create an emulator
[2025-10-20 16:34:57] Detected OS: macos
[2025-10-20 16:34:57] Detected architecture: arm64
[2025-10-20 16:34:57] Checking prerequisites...
[2025-10-20 16:34:57] Checking Java installation...
[2025-10-20 16:34:57] Detected Java version: 25
[2025-10-20 16:34:57] Java 25 is compatible with Android SDK
[2025-10-20 16:34:57] Android SDK already installed
[2025-10-20 16:34:57] Setting up environment variables...
[2025-10-20 16:34:57] Detected user shell: zsh
[2025-10-20 16:34:57] Android SDK environment variables already exist in /Users/shahabhishek1729/.zshrc
[2025-10-20 16:34:57] Installing required Android packages for arm64 architecture
[2025-10-20 16:34:57] SDK version: 35, System image: google_apis
[2025-10-20 16:34:57] Full system image: system-images;android-35;google_apis;arm64-v8a
[2025-10-20 16:36:01] Starting Android Emulator Setup
[2025-10-20 16:36:01] SDK version: 35
[2025-10-20 16:36:01] System image type: google_apis
[2025-10-20 16:36:01] This script will install Android SDK and create an emulator
[2025-10-20 16:36:01] Detected OS: macos
[2025-10-20 16:36:01] Detected architecture: arm64
[2025-10-20 16:36:01] Checking prerequisites...
[2025-10-20 16:36:01] Checking Java installation...
[2025-10-20 16:36:01] Detected Java version: 25
[2025-10-20 16:36:01] Java 25 is compatible with Android SDK
[2025-10-20 16:36:01] Android SDK already installed
[2025-10-20 16:36:01] Setting up environment variables...
[2025-10-20 16:36:01] Detected user shell: zsh
[2025-10-20 16:36:01] Android SDK environment variables already exist in /Users/shahabhishek1729/.zshrc
[2025-10-20 16:36:01] Installing required Android packages for arm64 architecture
[2025-10-20 16:36:01] SDK version: 35, System image: google_apis
[2025-10-20 16:36:01] Full system image: system-images;android-35;google_apis;arm64-v8a
[2025-10-20 16:36:53] Starting Android Emulator Setup
[2025-10-20 16:36:53] SDK version: 35
[2025-10-20 16:36:53] System image type: google_apis
[2025-10-20 16:36:53] This script will install Android SDK and create an emulator
[2025-10-20 16:36:53] Detected OS: macos
[2025-10-20 16:36:53] Detected architecture: arm64
[2025-10-20 16:36:53] Checking prerequisites...
[2025-10-20 16:36:53] Checking Java installation...
[2025-10-20 16:36:53] Detected Java version: 25
[2025-10-20 16:36:53] Java 25 is compatible with Android SDK
[2025-10-20 16:36:53] Android SDK already installed
[2025-10-20 16:36:53] Setting up environment variables...
[2025-10-20 16:36:53] Detected user shell: zsh
[2025-10-20 16:36:53] Android SDK environment variables already exist in /Users/shahabhishek1729/.zshrc
[2025-10-20 16:36:53] Installing required Android packages for arm64 architecture
[2025-10-20 16:36:53] SDK version: 35, System image: google_apis
[2025-10-20 16:36:53] Full system image: system-images;android-35;google_apis;arm64-v8a
[2025-10-20 16:37:43] Starting Android Emulator Setup
[2025-10-20 16:37:43] SDK version: 35
[2025-10-20 16:37:43] System image type: google_apis
[2025-10-20 16:37:43] This script will install Android SDK and create an emulator
[2025-10-20 16:37:43] Detected OS: macos
[2025-10-20 16:37:43] Detected architecture: arm64
[2025-10-20 16:37:43] Checking prerequisites...
[2025-10-20 16:37:43] Checking Java installation...
[2025-10-20 16:37:43] Detected Java version: 25
[2025-10-20 16:37:43] Java 25 is compatible with Android SDK
[2025-10-20 16:37:43] Installing Android SDK Command Line Tools...
[2025-10-20 16:37:43] Downloading Android SDK from https://dl.google.com/android/repository/commandlinetools-mac-11076708_latest.zip
[2025-10-20 16:37:54] Android SDK Command Line Tools installed successfully
[2025-10-20 16:37:54] Setting up environment variables...
[2025-10-20 16:37:54] Detected user shell: zsh
[2025-10-20 16:37:54] Android SDK environment variables already exist in /Users/shahabhishek1729/.zshrc
[2025-10-20 16:37:54] Installing required Android packages for arm64 architecture
[2025-10-20 16:37:54] SDK version: 35, System image: google_apis
[2025-10-20 16:37:54] Full system image: system-images;android-35;google_apis;arm64-v8a
[2025-10-20 17:49:45] Starting Android Emulator Setup
[2025-10-20 17:49:45] SDK version: 35
[2025-10-20 17:49:45] System image type: google_apis
[2025-10-20 17:49:45] This script will install Android SDK and create an emulator
[2025-10-20 17:49:45] Detected OS: macos
[2025-10-20 17:49:45] Detected architecture: arm64
[2025-10-20 17:49:45] Checking prerequisites...
[2025-10-20 17:49:45] Checking Java installation...
[2025-10-20 17:49:45] Detected Java version: 25
[2025-10-20 17:49:45] Java 25 is compatible with Android SDK
[2025-10-20 17:49:45] Installing Android SDK Command Line Tools...
[2025-10-20 17:49:45] Downloading Android SDK from https://dl.google.com/android/repository/commandlinetools-mac-11076708_latest.zip
[2025-10-20 17:50:07] Android SDK Command Line Tools installed successfully
[2025-10-20 17:50:07] Setting up environment variables...
[2025-10-20 17:50:07] Detected user shell: zsh
[2025-10-20 17:50:07] Android SDK environment variables already exist in /Users/shahabhishek1729/.zshrc
[2025-10-20 17:50:07] Installing required Android packages for arm64 architecture
[2025-10-20 17:50:07] SDK version: 35, System image: google_apis
[2025-10-20 17:50:07] Full system image: system-images;android-35;google_apis;arm64-v8a
[2025-10-20 18:02:05] Starting Android Emulator Setup
[2025-10-20 18:02:05] SDK version: 35
[2025-10-20 18:02:05] System image type: google_apis
[2025-10-20 18:02:05] This script will install Android SDK and create an emulator
[2025-10-20 18:02:05] Detected OS: macos
[2025-10-20 18:02:05] Detected architecture: arm64
[2025-10-20 18:02:05] Checking prerequisites...
[2025-10-20 18:02:05] Checking Java installation...
[2025-10-20 18:02:05] Detected Java version: 25
[2025-10-20 18:02:05] Java 25 is compatible with Android SDK
[2025-10-20 18:02:05] Android SDK already installed
[2025-10-20 18:02:05] Setting up environment variables...
[2025-10-20 18:02:05] Detected user shell: zsh
[2025-10-20 18:02:05] Android SDK environment variables already exist in /Users/shahabhishek1729/.zshrc
[2025-10-20 18:02:05] Installing required Android packages for arm64 architecture
[2025-10-20 18:02:05] SDK version: 35, System image: google_apis
[2025-10-20 18:02:05] Full system image: system-images;android-35;google_apis;arm64-v8a
[2025-10-20 18:09:33] Android packages installed successfully
[2025-10-20 18:09:33] Creating Android Virtual Device: MobileCybenchEmu for arm64
[2025-10-20 18:09:33] SDK version: 35, System image: google_apis
[2025-10-20 18:09:36] Android Virtual Device created successfully
[2025-10-20 18:09:36] Creating helper scripts...
[2025-10-20 18:09:36] Helper scripts created successfully
[2025-10-20 18:09:36] Installing SimpleX Chat APK...
[2025-10-20 18:09:36] Waiting for Android device to be ready...
[2025-10-20 18:14:51] Installing SimpleX Chat APK...
[2025-10-20 18:14:58] Warning: Failed to install SimpleX Chat APK
[2025-10-22 21:28:36] Starting Android Emulator Setup
[2025-10-22 21:28:36] SDK version: 35
[2025-10-22 21:28:36] System image type: google_apis
[2025-10-22 21:28:36] This script will install Android SDK and create an emulator
[2025-10-22 21:28:36] Detected OS: macos
[2025-10-22 21:28:36] Detected architecture: arm64
[2025-10-22 21:28:36] Checking prerequisites...
[2025-10-22 21:28:36] Checking Java installation...
[2025-10-22 21:28:36] Detected Java version: 17
[2025-10-22 21:28:36] Java 17 is compatible with Android SDK
[2025-10-22 21:28:36] Android SDK already installed
[2025-10-22 21:28:36] Setting up environment variables...
[2025-10-22 21:28:36] Detected user shell: zsh
[2025-10-22 21:28:36] Android SDK environment variables already exist in /Users/shahabhishek1729/.zshrc
[2025-10-22 21:28:36] Installing required Android packages for arm64 architecture
[2025-10-22 21:28:36] SDK version: 35, System image: google_apis
[2025-10-22 21:28:36] Full system image: system-images;android-35;google_apis;arm64-v8a
[2025-10-22 21:28:41] Android packages installed successfully
[2025-10-22 21:28:41] Creating Android Virtual Device: MobileCybenchEmu for arm64
[2025-10-22 21:28:41] SDK version: 35, System image: google_apis
[2025-10-22 21:28:43] Android Virtual Device created successfully
[2025-10-22 21:28:43] Creating helper scripts...
[2025-10-22 21:28:43] Helper scripts created successfully
[2025-10-22 21:28:43] Installing SimpleX Chat APK...
[2025-10-22 21:28:43] Waiting for Android device to be ready...
