INFO         | Android emulator version 35.6.11.0 (build_id 13610412) (CL:N/A)
INFO         | Graphics backend: gfxstream
INFO         | Found systemPath /Users/caydengu/.android-sdk/system-images/android-28/google_apis/arm64-v8a/
I0725 20:08:39.828833 ca35e00 opengles.cpp:307] android_startOpenglesRenderer: gpu info
I0725 20:08:39.828979 ca35e00 opengles.cpp:308] 
I0725 20:08:39.829167 ca35e00 HealthMonitor.cpp:275] HealthMonitor disabled.
I0725 20:08:39.829268 ca35e00 SharedLibrary.cpp:76] SharedLibrary::open for [/System/Library/Frameworks/OpenGL.framework/OpenGL]: not found in map, open for the first time
I0725 20:08:39.829274 ca35e00 SharedLibrary.cpp:186] SharedLibrary::open for [/System/Library/Frameworks/OpenGL.framework/OpenGL] (posix): begin
I0725 20:08:39.829316 ca35e00 SharedLibrary.cpp:215] SharedLibrary::open for [/System/Library/Frameworks/OpenGL.framework/OpenGL] (posix,darwin): call dlopen
I0725 20:08:39.829335 ca35e00 SharedLibrary.cpp:262] SharedLibrary::open succeeded for [/System/Library/Frameworks/OpenGL.framework/OpenGL].
I0725 20:08:39.860292 ca35e00 SharedLibrary.cpp:76] SharedLibrary::open for [libshadertranslator.dylib]: not found in map, open for the first time
I0725 20:08:39.860309 ca35e00 SharedLibrary.cpp:186] SharedLibrary::open for [libshadertranslator.dylib] (posix): begin
I0725 20:08:39.860313 ca35e00 SharedLibrary.cpp:215] SharedLibrary::open for [libshadertranslator.dylib] (posix,darwin): call dlopen
I0725 20:08:40.112349 ca35e00 SharedLibrary.cpp:262] SharedLibrary::open succeeded for [libshadertranslator.dylib].
I0725 20:08:40.122873 ca35e00 FrameBuffer.cpp:460] Graphics Adapter Vendor Google (Apple)
I0725 20:08:40.122898 ca35e00 FrameBuffer.cpp:461] Graphics Adapter Android Emulator OpenGL ES Translator (Apple M2)
I0725 20:08:40.122909 ca35e00 FrameBuffer.cpp:462] Graphics API Version OpenGL ES 3.0 (4.1 Metal - 83.1)
I0725 20:08:40.122921 ca35e00 FrameBuffer.cpp:463] Graphics API Extensions GL_OES_EGL_sync GL_OES_EGL_image GL_OES_EGL_image_external GL_OES_depth24 GL_OES_depth32 GL_OES_element_index_uint GL_OES_texture_float GL_OES_texture_float_linear GL_OES_compressed_paletted_texture GL_OES_compressed_ETC1_RGB8_texture GL_OES_depth_texture GL_OES_texture_npot GL_OES_rgb8_rgba8 GL_EXT_color_buffer_float GL_EXT_color_buffer_half_float GL_EXT_texture_format_BGRA8888 GL_APPLE_texture_format_BGRA8888 
I0725 20:08:40.122930 ca35e00 FrameBuffer.cpp:464] Graphics Device Extensions N/A
I0725 20:08:40.124321 ca35e00 userspace-boot-properties.cpp:760] Userspace boot properties:
I0725 20:08:40.124338 ca35e00 userspace-boot-properties.cpp:764]   android.qemud=1
I0725 20:08:40.124346 ca35e00 userspace-boot-properties.cpp:764]   androidboot.hardware=ranchu
I0725 20:08:40.124353 ca35e00 userspace-boot-properties.cpp:764]   androidboot.serialno=EMULATOR35X6X11X0
I0725 20:08:40.124360 ca35e00 userspace-boot-properties.cpp:764]   qemu=1
I0725 20:08:40.124366 ca35e00 userspace-boot-properties.cpp:764]   qemu.avd_name=MobileCybenchEmu
I0725 20:08:40.124373 ca35e00 userspace-boot-properties.cpp:764]   qemu.camera_hq_edge_processing=0
I0725 20:08:40.124379 ca35e00 userspace-boot-properties.cpp:764]   qemu.dalvik.vm.heapsize=512m
I0725 20:08:40.124384 ca35e00 userspace-boot-properties.cpp:764]   qemu.encrypt=1
I0725 20:08:40.124390 ca35e00 userspace-boot-properties.cpp:764]   qemu.gles=1
I0725 20:08:40.124396 ca35e00 userspace-boot-properties.cpp:764]   qemu.gltransport=pipe
I0725 20:08:40.124402 ca35e00 userspace-boot-properties.cpp:764]   qemu.gltransport.drawFlushInterval=800
I0725 20:08:40.124408 ca35e00 userspace-boot-properties.cpp:764]   qemu.opengles.version=196608
I0725 20:08:40.124414 ca35e00 userspace-boot-properties.cpp:764]   qemu.settings.system.screen_off_timeout=2147483647
I0725 20:08:40.124419 ca35e00 userspace-boot-properties.cpp:764]   qemu.uirenderer=skiagl
I0725 20:08:40.124425 ca35e00 userspace-boot-properties.cpp:764]   qemu.vsync=60
I0725 20:08:40.124431 ca35e00 userspace-boot-properties.cpp:764]   qemu.wifi=1
WARNING      | FeatureControl is requesting a non existing feature.
WARNING      | System image is writable
INFO         | Guest GLES Driver: Auto (ext controls)
library_mode host gpu mode host
INFO         | Checking system compatibility:
INFO         |   Checking: hasSufficientDiskSpace
INFO         |      Ok: Disk space requirements to run avd: `MobileCybenchEmu` are met
INFO         |   Checking: hasSufficientHwGpu
INFO         |      Ok: Hardware GPU requirements to run avd: `MobileCybenchEmu` are passed
INFO         |   Checking: hasSufficientSystem
INFO         |      Ok: System requirements to run avd: `MobileCybenchEmu` are met
WARNING      | FeatureControl is requesting a non existing feature.
INFO         | Warning: QMetaObject::connectSlotsByName: No matching signal for on_btn_xr_environment_living_room_day_clicked() (:0, )
INFO         | Warning: QMetaObject::connectSlotsByName: No matching signal for on_btn_xr_environment_living_room_night_clicked() (:0, )
INFO         | Warning: QMetaObject::connectSlotsByName: No matching signal for on_new_posture_requested(int) (:0, )
INFO         | Warning: QMetaObject::connectSlotsByName: No matching signal for on_dismiss_posture_selection_dialog() (:0, )
INFO         | Warning: QMetaObject::connectSlotsByName: No matching signal for on_new_resizable_requested(PresetEmulatorSizeType) (:0, )
INFO         | Warning: QMetaObject::connectSlotsByName: No matching signal for on_dismiss_resizable_dialog() (:0, )
INFO         | Warning: QMetaObject::connectSlotsByName: No matching signal for on_xr_environment_mode_changed(int) (:0, )
INFO         | Warning: QMetaObject::connectSlotsByName: No matching signal for on_dismiss_xr_environment_mode_dialog() (:0, )
INFO         | Warning: QMetaObject::connectSlotsByName: No matching signal for on_xr_input_mode_changed(int) (:0, )
INFO         | Warning: QMetaObject::connectSlotsByName: No matching signal for on_dismiss_xr_input_mode_dialog() (:0, )
INFO         | Warning: QMetaObject::connectSlotsByName: No matching signal for on_sleep_timer_done() (:0, )
INFO         | Warning: QMetaObject::connectSlotsByName: No matching signal for on_unfold_timer_done() (:0, )
INFO         | Storing crashdata in: /tmp/android-caydengu/emu-crash-35.6.11.db, detection is enabled for process: 5532
INFO         | Initializing hardware OpenGLES emulation support
INFO         | Monitoring duration of emulator setup.
WARNING      | The emulator now requires a signed jwt token for gRPC access! Use the -grpc flag if you really want an open unprotected grpc port
INFO         | Using security allow list from: /Users/caydengu/.android-sdk/emulator/lib/emulator_access.json
WARNING      | *** Basic token auth should only be used by android-studio ***
INFO         | The active JSON Web Key Sets can be found here: /Users/caydengu/Library/Caches/TemporaryItems/avd/running/5532/jwks/8c981d6a-da3f-4944-8cff-f7be4bc86560/active.jwk
INFO         | Scanning /Users/caydengu/Library/Caches/TemporaryItems/avd/running/5532/jwks/8c981d6a-da3f-4944-8cff-f7be4bc86560 for jwk keys.
INFO         | Started GRPC server at 127.0.0.1:8554, security: Local, auth: +token
INFO         | Advertising in: /Users/caydengu/Library/Caches/TemporaryItems/avd/running/pid_5532.ini
I0725 20:08:40.435964 baff000 FrameBuffer.cpp:2805] Setting display: 0 configuration to: 1080x1920, dpi: 420x420 
I0725 20:08:40.435988 baff000 FrameBuffer.cpp:2818] setDisplayActiveConfig 0
INFO         | Checking system compatibility:
INFO         |   Checking: hasSufficientDiskSpace
INFO         |      Ok: Disk space requirements to run avd: `MobileCybenchEmu` are met
INFO         |   Checking: hasSufficientHwGpu
INFO         |      Ok: Hardware GPU requirements to run avd: `MobileCybenchEmu` are passed
INFO         |   Checking: hasSufficientSystem
INFO         |      Ok: System requirements to run avd: `MobileCybenchEmu` are met
USER_INFO    | Emulator is performing a full startup. This may take upto two minutes, or more.
INFO         | Wait for emulator (pid 5532) 20 seconds to shutdown gracefully before kill;you can set environment variable ANDROID_EMULATOR_WAIT_TIME_BEFORE_KILL(in seconds) to change the default value (20 seconds)

USER_INFO    | Snapshots have been disabled by the user, save request is ignored.
INFO         | Wait for emulator (pid 5532) 20 seconds to shutdown gracefully before kill;you can set environment variable ANDROID_EMULATOR_WAIT_TIME_BEFORE_KILL(in seconds) to change the default value (20 seconds)

E0725 20:08:41.928578 ca35e00 DisplaySurfaceGl.cpp:121] Failed to restore previous context: 12297
